// Jest Snapshot v1, https://goo.gl/fbAQLP

exports[`Home renders properly 1`] = `
<section class="container">
  <div>
    <logo-stub></logo-stub>
    <h1 class="title">
      nuxt-jest
    </h1>
    <h2 class="subtitle">
      Nuxt jest sample config
    </h2>
    <div class="links"><a href="https://nuxtjs.org/" target="_blank" class="button--green">Documentation</a> <a href="https://github.com/nuxt/nuxt.js" target="_blank" class="button--grey">GitHub</a></div>
  </div>
</section>
`;
